[1/47] Building: abs02-re.lean ... OK
    [solve_fixpoint] closed by: grind
    [solve_fixpoint] closed by: grind
    [solve_fixpoint] closed by: grind
    [solve_fixpoint] Acyclic κ: []
    [solve_fixpoint] Cyclic κ:  []
[2/47] Building: arbitrary-kvar-arg-cyclic-anf.lean ... OK
    [solve_fixpoint] closed by: grind
    [solve_fixpoint] closed by: grind
    [solve_fixpoint] closed by: grind
    [solve_fixpoint] closed by: grind
    [solve_fixpoint] closed by: grind
    [solve_fixpoint] closed by: grind
    [solve_fixpoint] closed by: grind
    [solve_fixpoint] closed by: grind
    [solve_fixpoint] closed by: grind
    [solve_fixpoint] closed by: grind
    [solve_fixpoint] closed by: grind
    [solve_fixpoint] closed by: grind
    [solve_fixpoint] closed by: grind
    [solve_fixpoint] closed by: grind
    [solve_fixpoint] closed by: grind
    [solve_fixpoint] closed by: grind
    [solve_fixpoint] closed by: grind
    [solve_fixpoint] closed by: grind
    [solve_fixpoint] closed by: grind
    [solve_fixpoint] closed by: grind
    [solve_fixpoint] closed by: grind
    [solve_fixpoint] closed by: grind
    [solve_fixpoint] closed by: grind
    [solve_fixpoint] closed by: grind
    [solve_fixpoint] closed by: grind
    [solve_fixpoint] closed by: grind
    [solve_fixpoint] closed by: grind
    [solve_fixpoint] closed by: grind
    [solve_fixpoint] closed by: grind
    [solve_fixpoint] closed by: grind
    [solve_fixpoint] closed by: grind
    [solve_fixpoint] closed by: grind
    [solve_fixpoint] closed by: grind
    [solve_fixpoint] closed by: grind
    [solve_fixpoint] closed by: grind
    [solve_fixpoint] closed by: grind
    [solve_fixpoint] closed by: grind
    [solve_fixpoint] Acyclic κ: []
    [solve_fixpoint] Cyclic κ:  [k0, k1, k2]
    [solve_fixpoint] --- PA on cyclic κ's [k0, k1, k2] ---
    [solve_fixpoint]   PA sol for k0 = ((((((z1 ≥ z3 ∧ z2 ≥ z4) ∧ z3 ≥ z1) ∧ z1 ≤ z3) ∧ z3 ≤ z1) ∧ z4 ≤ z2) ∧ z1 = z3) ∧ z3 = z1
    [solve_fixpoint]   PA sol for k1 = ((((((z0 ≥ z2 ∧ z1 ≥ z3) ∧ z2 ≥ z0) ∧ z0 ≤ z2) ∧ z2 ≤ z0) ∧ z3 ≤ z1) ∧ z0 = z2) ∧ z2 = z0
    [solve_fixpoint]   PA sol for k2 = z0 ≥ z2 ∧ z2 ≤ z0
[3/47] Building: arbitrary-kvar-arg-cyclic.lean ... OK
    [solve_fixpoint] closed by: grind
    [solve_fixpoint] closed by: grind
    [solve_fixpoint] closed by: grind
    [solve_fixpoint] closed by: grind
    [solve_fixpoint] closed by: native_decide
    [solve_fixpoint] closed by: grind
    [solve_fixpoint] closed by: grind
    [solve_fixpoint] closed by: grind
    [solve_fixpoint] closed by: grind
    [solve_fixpoint] closed by: grind
    [solve_fixpoint] closed by: native_decide
    [solve_fixpoint] Acyclic κ: []
    [solve_fixpoint] Cyclic κ:  [k0, k1, k2]
    [solve_fixpoint] --- PA on cyclic κ's [k0, k1, k2] ---
    [solve_fixpoint]   PA sol for k0 = z1 = z3 ∧ z3 = z1
    [solve_fixpoint]   PA sol for k1 = z0 = z2 ∧ z2 = z0
    [solve_fixpoint]   PA sol for k2 = True
[4/47] Building: arbitrary-kvar-arg.lean ... OK
    [solve_fixpoint] closed by: aesop
    [solve_fixpoint] closed by: aesop
    [solve_fixpoint] closed by: aesop
    [solve_fixpoint] closed by: aesop
    [solve_fixpoint] closed by: grind
    [solve_fixpoint] Acyclic κ: [k0, k1]
    [solve_fixpoint] Cyclic κ:  []
    [solve] --- k0 ---
    [solve]   sol = ∃ p0 p00,
      p00 = p0.fld00 ∧
        ∃ p01,
          p01 = p0.fld01 ∧
            ∃ a0,
              a0 = false ∧ (((z0 = p00 ∧ z1 = p01) ∧ z2 = p00) ∧ z3 = p01) ∧ z4 = a0 ∨
                a0 = true ∧ (((z0 = p00 ∧ z1 = p01 + 1) ∧ z2 = p00) ∧ z3 = p01) ∧ z4 = true
    [solve]   lam = fun z0 z1 z2 z3 z4 =>
      ∃ p0 p00,
        p00 = p0.fld00 ∧
          ∃ p01,
            p01 = p0.fld01 ∧
              ∃ a0,
                a0 = false ∧ (((z0 = p00 ∧ z1 = p01) ∧ z2 = p00) ∧ z3 = p01) ∧ z4 = a0 ∨
                  a0 = true ∧ (((z0 = p00 ∧ z1 = p01 + 1) ∧ z2 = p00) ∧ z3 = p01) ∧ z4 = true
    [solve] --- k1 ---
    [solve]   sol = ∃ p0 p00,
      p00 = p0.fld00 ∧
        ∃ p01,
          p01 = p0.fld01 ∧
            ∃ a0,
              a0 = false ∧ ((z0 = p01 ∧ z1 = p00) ∧ z2 = p01) ∧ z3 = a0 ∨
                a0 = true ∧ ((z0 = p01 + 1 ∧ z1 = p00) ∧ z2 = p01) ∧ z3 = true
    [solve]   lam = fun z0 z1 z2 z3 =>
      ∃ p0 p00,
        p00 = p0.fld00 ∧
          ∃ p01,
            p01 = p0.fld01 ∧
              ∃ a0,
                a0 = false ∧ ((z0 = p01 ∧ z1 = p00) ∧ z2 = p01) ∧ z3 = a0 ∨
                  a0 = true ∧ ((z0 = p01 + 1 ∧ z1 = p00) ∧ z2 = p01) ∧ z3 = true
[5/47] Building: bitv.lean ... OK
[6/47] Building: bitv8.lean ... OK
    [solve_fixpoint] closed by: grind
    [solve_fixpoint] closed by: grind
    [solve_fixpoint] Acyclic κ: []
    [solve_fixpoint] Cyclic κ:  []
[7/47] Building: bitvec-ii.lean ... OK
    [solve_fixpoint] closed by: aesop
    [solve_fixpoint] closed by: grind
    [solve_fixpoint] Acyclic κ: []
    [solve_fixpoint] Cyclic κ:  []
[8/47] Building: bool-neq.lean ... OK
    [solve_fixpoint] closed by: grind
    [solve_fixpoint] closed by: grind
    [solve_fixpoint] Acyclic κ: []
    [solve_fixpoint] Cyclic κ:  []
[9/47] Building: comment.lean ... OK
    [solve_fixpoint] closed by: aesop
    [solve_fixpoint] closed by: aesop
    [solve_fixpoint] closed by: aesop
    [solve_fixpoint] closed by: aesop
    [solve_fixpoint] closed by: grind
    [solve_fixpoint] closed by: grind
    [solve_fixpoint] closed by: grind
    [solve_fixpoint] closed by: grind
    [solve_fixpoint] closed by: grind
    [solve_fixpoint] closed by: grind
    [solve_fixpoint] closed by: grind
    [solve_fixpoint] closed by: aesop
    [solve_fixpoint] closed by: aesop
    [solve_fixpoint] closed by: aesop
    [solve_fixpoint] closed by: aesop
    [solve_fixpoint] closed by: aesop
    [solve_fixpoint] closed by: grind
    [solve_fixpoint] closed by: grind
    [solve_fixpoint] closed by: grind
    [solve_fixpoint] closed by: grind
    [solve_fixpoint] closed by: grind
    [solve_fixpoint] closed by: grind
    [solve_fixpoint] closed by: grind
    [solve_fixpoint] closed by: aesop
    [solve_fixpoint] closed by: grind
    [solve_fixpoint] closed by: grind
    [solve_fixpoint] closed by: grind
    [solve_fixpoint] closed by: grind
    [solve_fixpoint] closed by: grind
    [solve_fixpoint] closed by: grind
    [solve_fixpoint] closed by: grind
    [solve_fixpoint] closed by: grind
    [solve_fixpoint] Acyclic κ: [k0, k1, k3, k5, k2]
    [solve_fixpoint] Cyclic κ:  [k4]
    [solve] --- k0 ---
    [solve]   sol = ∃ a2, z1 < z2 ∧ a2 = false ∧ ((z0 = z2 ∧ z1 = z1) ∧ z2 = z2 ∨ ∃ a5, ?k4 a5 z1 z2 ∧ (z0 = a5 ∧ z1 = z1) ∧ z2 = z2)
    [solve]   lam = fun z0 z1 z2 =>
      ∃ a2, z1 < z2 ∧ a2 = false ∧ ((z0 = z2 ∧ z1 = z1) ∧ z2 = z2 ∨ ∃ a5, ?k4 a5 z1 z2 ∧ (z0 = a5 ∧ z1 = z1) ∧ z2 = z2)
    [solve] --- k1 ---
    [solve]   sol = ∃ a2, z0 < z1 ∧ (a2 = false ∧ z0 = z0 ∧ z1 = z1 ∨ a2 = true ∧ z0 = z0 ∧ z1 = z1)
    [solve]   lam = fun z0 z1 => ∃ a2, z0 < z1 ∧ (a2 = false ∧ z0 = z0 ∧ z1 = z1 ∨ a2 = true ∧ z0 = z0 ∧ z1 = z1)
    [solve] --- k3 ---
    [solve]   sol = ∃ a2,
      z1 < z2 ∧
        ((a2 = false ∧
            ∃ a3,
              (∃ a2,
                  z1 < z2 ∧
                    a2 = false ∧ ((a3 = z2 ∧ z1 = z1) ∧ z2 = z2 ∨ ∃ a5, ?k4 a5 z1 z2 ∧ (a3 = a5 ∧ z1 = z1) ∧ z2 = z2)) ∧
                (z0 = a3 ∧ z1 = z1) ∧ z2 = z2) ∨
          a2 = true ∧ (z0 = z2 ∧ z1 = z1) ∧ z2 = z2)
    [solve]   lam = fun z0 z1 z2 =>
      ∃ a2,
        z1 < z2 ∧
          ((a2 = false ∧
              ∃ a3,
                (∃ a2,
                    z1 < z2 ∧
                      a2 = false ∧ ((a3 = z2 ∧ z1 = z1) ∧ z2 = z2 ∨ ∃ a5, ?k4 a5 z1 z2 ∧ (a3 = a5 ∧ z1 = z1) ∧ z2 = z2)) ∧
                  (z0 = a3 ∧ z1 = z1) ∧ z2 = z2) ∨
            a2 = true ∧ (z0 = z2 ∧ z1 = z1) ∧ z2 = z2)
    [solve] --- k5 ---
    [solve]   sol = ∃ a2, z1 < z2 ∧ a2 = true ∧ ((z0 = z1 ∧ z1 = z1) ∧ z2 = z2 ∨ ∃ a8, ?k4 a8 z1 z2 ∧ (z0 = a8 ∧ z1 = z1) ∧ z2 = z2)
    [solve]   lam = fun z0 z1 z2 =>
      ∃ a2, z1 < z2 ∧ a2 = true ∧ ((z0 = z1 ∧ z1 = z1) ∧ z2 = z2 ∨ ∃ a8, ?k4 a8 z1 z2 ∧ (z0 = a8 ∧ z1 = z1) ∧ z2 = z2)
    [solve] --- k2 ---
    [solve]   sol = ∃ a2,
      z1 < z2 ∧
        (a2 = false ∧ (z0 = z1 ∧ z1 = z1) ∧ z2 = z2 ∨
          a2 = true ∧
            ∃ a6,
              (∃ a2,
                  z1 < z2 ∧
                    a2 = true ∧ ((a6 = z1 ∧ z1 = z1) ∧ z2 = z2 ∨ ∃ a8, ?k4 a8 z1 z2 ∧ (a6 = a8 ∧ z1 = z1) ∧ z2 = z2)) ∧
                (z0 = a6 ∧ z1 = z1) ∧ z2 = z2)
    [solve]   lam = fun z0 z1 z2 =>
      ∃ a2,
        z1 < z2 ∧
          (a2 = false ∧ (z0 = z1 ∧ z1 = z1) ∧ z2 = z2 ∨
            a2 = true ∧
              ∃ a6,
                (∃ a2,
                    z1 < z2 ∧
                      a2 = true ∧ ((a6 = z1 ∧ z1 = z1) ∧ z2 = z2 ∨ ∃ a8, ?k4 a8 z1 z2 ∧ (a6 = a8 ∧ z1 = z1) ∧ z2 = z2)) ∧
                  (z0 = a6 ∧ z1 = z1) ∧ z2 = z2)
    [solve_fixpoint] --- PA on cyclic κ's [k4] ---
    [solve_fixpoint]   PA sol for k4 = (((((z1 ≤ z2 - 1 ∧ z1 < z2) ∧ z1 ≤ z0) ∧ z1 ≤ z2) ∧ z0 ≥ z1) ∧ z2 ≥ z1) ∧ z2 > z1
    [fixpoint] PA sol for k4 := (((((z1 ≤ z2 - 1 ∧ z1 < z2) ∧ z1 ≤ z0) ∧ z1 ≤ z2) ∧ z0 ≥ z1) ∧ z2 ≥ z1) ∧ z2 > z1
    /Users/petros/Documents/UCSD/Work/lean-fixpoint/Benchmarks/Liquid-fixpoint/comment.lean:59:2: warning: aesop: failed to prove the goal after exhaustive search.
[10/47] Building: constant.lean ... OK
    [solve_fixpoint] closed by: aesop
    [solve_fixpoint] Acyclic κ: []
    [solve_fixpoint] Cyclic κ:  []
    rewriteKs: already in optimal order
[11/47] Building: define_fun01.lean ... OK
    [solve_fixpoint] closed by: grind
    [solve_fixpoint] Acyclic κ: []
    [solve_fixpoint] Cyclic κ:  []
[12/47] Building: define_fun02.lean ... OK
[13/47] Building: define_fun03.lean ... OK
    [solve_fixpoint] closed by: grind
    [solve_fixpoint] closed by: grind
    [solve_fixpoint] Acyclic κ: []
    [solve_fixpoint] Cyclic κ:  []
[14/47] Building: exists_oddity.lean ... OK
    [solve_fixpoint] closed by: grind
    [solve_fixpoint] closed by: grind
    [solve_fixpoint] closed by: grind
    [solve_fixpoint] Acyclic κ: [κ0]
    [solve_fixpoint] Cyclic κ:  []
    [solve] --- κ0 ---
    [solve]   sol = (∃ a0, a0 = 0 ∧ z0 = a0) ∨ ∃ a2 _x, a2 = 0 ∧ z0 = a2
    [solve]   lam = fun z0 => (∃ a0, a0 = 0 ∧ z0 = a0) ∨ ∃ a2 _x, a2 = 0 ∧ z0 = a2
[15/47] Building: flux-no-anf-append.lean ... OK
    [solve_fixpoint] closed by: grind
    [solve_fixpoint] closed by: grind
    [solve_fixpoint] closed by: grind
    [solve_fixpoint] closed by: grind
    [solve_fixpoint] closed by: grind
    [solve_fixpoint] closed by: grind
    [solve_fixpoint] closed by: grind
    [solve_fixpoint] closed by: grind
    [solve_fixpoint] Acyclic κ: [k1, k0]
    [solve_fixpoint] Cyclic κ:  []
    [solve] --- k1 ---
    [solve]   sol = (((z0 = z4 ∪ z2 ∧ z1 = z1) ∧ z2 = z2) ∧ z3 = z3) ∧ z4 = z4
    [solve]   lam = fun z0 z1 z2 z3 z4 => (((z0 = z4 ∪ z2 ∧ z1 = z1) ∧ z2 = z2) ∧ z3 = z3) ∧ z4 = z4
    [solve] --- k0 ---
    [solve]   sol = z1 = ∅ ∧ (z0 = z2 ∧ z1 = z1) ∧ z2 = z2 ∨
      ∃ a0 a1,
        z1 = {a0} ∪ a1 ∧
          ∃ a2, ((((a2 = a1 ∪ z2 ∧ z1 = z1) ∧ z2 = z2) ∧ a0 = a0) ∧ a1 = a1) ∧ (z0 = {a0} ∪ a2 ∧ z1 = z1) ∧ z2 = z2
    [solve]   lam = fun z0 z1 z2 =>
      z1 = ∅ ∧ (z0 = z2 ∧ z1 = z1) ∧ z2 = z2 ∨
        ∃ a0 a1,
          z1 = {a0} ∪ a1 ∧
            ∃ a2, ((((a2 = a1 ∪ z2 ∧ z1 = z1) ∧ z2 = z2) ∧ a0 = a0) ∧ a1 = a1) ∧ (z0 = {a0} ∪ a2 ∧ z1 = z1) ∧ z2 = z2
[16/47] Building: flux-no-anf-dup.lean ... OK
    [solve_fixpoint] closed by: grind
    [solve_fixpoint] closed by: grind
    [solve_fixpoint] closed by: grind
    [solve_fixpoint] closed by: grind
    [solve_fixpoint] closed by: grind
    [solve_fixpoint] closed by: grind
    [solve_fixpoint] closed by: grind
    [solve_fixpoint] closed by: grind
    [solve_fixpoint] closed by: grind
    [solve_fixpoint] closed by: grind
    [solve_fixpoint] Acyclic κ: [k0, k1]
    [solve_fixpoint] Cyclic κ:  []
    [solve] --- k0 ---
    [solve]   sol = z1 = ∅ ∪ {Adt0.mk0} ∧ z0 = ∅ ∪ {Adt0.mk0} ∧ z1 = z1 ∨
      z1 = ∅ ∪ {Adt0.mk1} ∧ z0 = ∅ ∪ {Adt0.mk1} ∧ z1 = z1 ∨
        (∃ a2, z1 = a2 ∪ (∅ ∪ {Adt0.mk2}) ∧ z0 = a2 ∪ (∅ ∪ {Adt0.mk2}) ∧ z1 = z1) ∨
          (∃ a3 a4, z1 = a3 ∪ a4 ∪ (∅ ∪ {Adt0.mk3}) ∧ z0 = a3 ∪ a4 ∪ (∅ ∪ {Adt0.mk3}) ∧ z1 = z1) ∨
            (∃ a5 a6, z1 = a5 ∪ a6 ∪ (∅ ∪ {Adt0.mk4}) ∧ z0 = a5 ∪ a6 ∪ (∅ ∪ {Adt0.mk4}) ∧ z1 = z1) ∨
              ∃ a7 a8, z1 = a7 ∪ a8 ∪ (∅ ∪ {Adt0.mk5}) ∧ z0 = a7 ∪ a8 ∪ (∅ ∪ {Adt0.mk5}) ∧ z1 = z1
    [solve]   lam = fun z0 z1 =>
      z1 = ∅ ∪ {Adt0.mk0} ∧ z0 = ∅ ∪ {Adt0.mk0} ∧ z1 = z1 ∨
        z1 = ∅ ∪ {Adt0.mk1} ∧ z0 = ∅ ∪ {Adt0.mk1} ∧ z1 = z1 ∨
          (∃ a2, z1 = a2 ∪ (∅ ∪ {Adt0.mk2}) ∧ z0 = a2 ∪ (∅ ∪ {Adt0.mk2}) ∧ z1 = z1) ∨
            (∃ a3 a4, z1 = a3 ∪ a4 ∪ (∅ ∪ {Adt0.mk3}) ∧ z0 = a3 ∪ a4 ∪ (∅ ∪ {Adt0.mk3}) ∧ z1 = z1) ∨
              (∃ a5 a6, z1 = a5 ∪ a6 ∪ (∅ ∪ {Adt0.mk4}) ∧ z0 = a5 ∪ a6 ∪ (∅ ∪ {Adt0.mk4}) ∧ z1 = z1) ∨
                ∃ a7 a8, z1 = a7 ∪ a8 ∪ (∅ ∪ {Adt0.mk5}) ∧ z0 = a7 ∪ a8 ∪ (∅ ∪ {Adt0.mk5}) ∧ z1 = z1
    [solve] --- k1 ---
    [solve]   sol = (z0 = z2 ∧ z1 = z1) ∧ z2 = z2
    [solve]   lam = fun z0 z1 z2 => (z0 = z2 ∧ z1 = z1) ∧ z2 = z2
[17/47] Building: hof_qual.lean ... OK
    [solve_fixpoint] closed by: grind
    [solve_fixpoint] closed by: grind
    [solve_fixpoint] closed by: grind
    [solve_fixpoint] Acyclic κ: []
    [solve_fixpoint] Cyclic κ:  [k0]
    [solve_fixpoint] --- PA on cyclic κ's [k0] ---
    [solve_fixpoint]   PA sol for k0 = @z1 z0
[18/47] Building: icfp17-ex1.lean ... OK
    [solve_fixpoint] closed by: grind
    [solve_fixpoint] closed by: grind
    [solve_fixpoint] Acyclic κ: [κ]
    [solve_fixpoint] Cyclic κ:  []
    [solve] --- κ ---
    [solve]   sol = ∃ v, v = z1 - 1 ∧ z0 = v ∧ z1 = z1
    [solve]   lam = fun z0 z1 => ∃ v, v = z1 - 1 ∧ z0 = v ∧ z1 = z1
[19/47] Building: icfp17-ex2.lean ... OK
    [solve_fixpoint] closed by: grind
    [solve_fixpoint] closed by: grind
    [solve_fixpoint] closed by: grind
    [solve_fixpoint] closed by: grind
    [solve_fixpoint] Acyclic κ: [κx, κy]
    [solve_fixpoint] Cyclic κ:  []
    [solve] --- κx ---
    [solve]   sol = ∃ v, v = z2 ∧ ((z0 = v ∧ z1 = z1) ∧ z2 = z2) ∧ z3 = z3
    [solve]   lam = fun z0 z1 z2 z3 => ∃ v, v = z2 ∧ ((z0 = v ∧ z1 = z1) ∧ z2 = z2) ∧ z3 = z3
    [solve] --- κy ---
    [solve]   sol = ∃ n,
      n = z1 - 1 ∧
        ∃ p,
          p = z1 + 1 ∧
            ((∃ v, v = p ∧ z0 = v ∧ z1 = z1) ∨
              ∃ v, (∃ v_1, v_1 = n ∧ ((v = v_1 ∧ z1 = z1) ∧ n = n) ∧ p = p) ∧ z0 = v ∧ z1 = z1)
    [solve]   lam = fun z0 z1 =>
      ∃ n,
        n = z1 - 1 ∧
          ∃ p,
            p = z1 + 1 ∧
              ((∃ v, v = p ∧ z0 = v ∧ z1 = z1) ∨
                ∃ v, (∃ v_1, v_1 = n ∧ ((v = v_1 ∧ z1 = z1) ∧ n = n) ∧ p = p) ∧ z0 = v ∧ z1 = z1)
[20/47] Building: icfp17-ex3.lean ... OK
    [solve_fixpoint] closed by: aesop
    [solve_fixpoint] closed by: grind
    [solve_fixpoint] closed by: grind
    [solve_fixpoint] closed by: grind
    [solve_fixpoint] Acyclic κ: [κa, κb, κc]
    [solve_fixpoint] Cyclic κ:  []
    [solve] --- κa ---
    [solve]   sol = ∃ v, 0 ≤ v ∧ z0 = v
    [solve]   lam = fun z0 => ∃ v, 0 ≤ v ∧ z0 = v
    [solve] --- κb ---
    [solve]   sol = ∃ a, (∃ v, 0 ≤ v ∧ a = v) ∧ ∃ v, v = a - 1 ∧ z0 = v
    [solve]   lam = fun z0 => ∃ a, (∃ v, 0 ≤ v ∧ a = v) ∧ ∃ v, v = a - 1 ∧ z0 = v
    [solve] --- κc ---
    [solve]   sol = ∃ b, (∃ a, (∃ v, 0 ≤ v ∧ a = v) ∧ ∃ v, v = a - 1 ∧ b = v) ∧ ∃ v, v = b + 1 ∧ z0 = v
    [solve]   lam = fun z0 => ∃ b, (∃ a, (∃ v, 0 ≤ v ∧ a = v) ∧ ∃ v, v = a - 1 ∧ b = v) ∧ ∃ v, v = b + 1 ∧ z0 = v
[21/47] Building: issue-701.lean ... OK
    [solve_fixpoint] closed by: grind
    [solve_fixpoint] Acyclic κ: []
    [solve_fixpoint] Cyclic κ:  []
[22/47] Building: issue-738.lean ... OK
    [solve_fixpoint] closed by: grind
    [solve_fixpoint] Acyclic κ: []
    [solve_fixpoint] Cyclic κ:  []
[23/47] Building: kut00.lean ... OK
    [solve_fixpoint] closed by: grind
    [solve_fixpoint] closed by: native_decide
    [solve_fixpoint] Acyclic κ: [κ1]
    [solve_fixpoint] Cyclic κ:  []
    [solve] --- κ1 ---
    [solve]   sol = ∃ x, x = 5 ∧ ∃ y, y = x ∧ ∃ v, v = x + y ∧ z0 = v
    [solve]   lam = fun z0 => ∃ x, x = 5 ∧ ∃ y, y = x ∧ ∃ v, v = x + y ∧ z0 = v
[24/47] Building: let-binding00.lean ... OK
    [solve_fixpoint] closed by: grind
    [solve_fixpoint] Acyclic κ: []
    [solve_fixpoint] Cyclic κ:  []
[25/47] Building: maps00.lean ... OK
    [solve_fixpoint] closed by: grind
    [solve_fixpoint] closed by: aesop
    [solve_fixpoint] closed by: aesop
    [solve_fixpoint] closed by: aesop
    [solve_fixpoint] Acyclic κ: []
    [solve_fixpoint] Cyclic κ:  []
[26/47] Building: mod00.lean ... OK
    [solve_fixpoint] closed by: grind
    [solve_fixpoint] closed by: grind
    [solve_fixpoint] closed by: grind
    [solve_fixpoint] Acyclic κ: [κ0]
    [solve_fixpoint] Cyclic κ:  []
    [solve] --- κ0 ---
    [solve]   sol = (∃ a0, a0 = 4 ∧ z0 = a0) ∨ ∃ a1, a1 = 10 ∧ z0 = a1
    [solve]   lam = fun z0 => (∃ a0, a0 = 4 ∧ z0 = a0) ∨ ∃ a1, a1 = 10 ∧ z0 = a1
[27/47] Building: numeric-sort-00.lean ... OK
    /Users/petros/Documents/UCSD/Work/lean-fixpoint/Benchmarks/Liquid-fixpoint/numeric-sort-00.lean:21:9: warning: unused variable `y`
    
    Note: This linter can be disabled with `set_option linter.unusedVariables false`
    [solve_fixpoint] closed by: grind
    [solve_fixpoint] closed by: grind
    [solve_fixpoint] closed by: grind
    [solve_fixpoint] Acyclic κ: []
    [solve_fixpoint] Cyclic κ:  [κ1]
    [solve_fixpoint] --- PA on cyclic κ's [κ1] ---
    [solve_fixpoint]   PA sol for κ1 = 0 ≤ z0
[28/47] Building: numeric-sort-01.lean ... OK
    /Users/petros/Documents/UCSD/Work/lean-fixpoint/Benchmarks/Liquid-fixpoint/numeric-sort-01.lean:21:9: warning: unused variable `y`
    
    Note: This linter can be disabled with `set_option linter.unusedVariables false`
    [solve_fixpoint] closed by: grind
    [solve_fixpoint] closed by: grind
    [solve_fixpoint] closed by: grind
    [solve_fixpoint] Acyclic κ: []
    [solve_fixpoint] Cyclic κ:  [κ1]
    [solve_fixpoint] --- PA on cyclic κ's [κ1] ---
    [solve_fixpoint]   PA sol for κ1 = 0 ≤ z0
[29/47] Building: numeric-sort-02.lean ... OK
    /Users/petros/Documents/UCSD/Work/lean-fixpoint/Benchmarks/Liquid-fixpoint/numeric-sort-02.lean:26:11: warning: unused variable `y`
    
    Note: This linter can be disabled with `set_option linter.unusedVariables false`
    [solve_fixpoint] closed by: grind
    [solve_fixpoint] closed by: grind
    [solve_fixpoint] closed by: grind
    [solve_fixpoint] closed by: grind
    [solve_fixpoint] closed by: grind
    [solve_fixpoint] closed by: grind
    [solve_fixpoint] closed by: grind
    [solve_fixpoint] closed by: grind
    [solve_fixpoint] closed by: grind
    [solve_fixpoint] closed by: grind
    [solve_fixpoint] closed by: grind
    [solve_fixpoint] closed by: grind
    [solve_fixpoint] closed by: grind
    [solve_fixpoint] Acyclic κ: []
    [solve_fixpoint] Cyclic κ:  [κ1]
    [solve_fixpoint] --- PA on cyclic κ's [κ1] ---
    [solve_fixpoint]   PA sol for κ1 = ((((0 ≤ z0 ∧ 0 ≤ z1) ∧ z1 ≤ 0) ∧ z1 = 0) ∧ z1 ≤ z0) ∧ z0 ≥ z1
[30/47] Building: numeric-sort-03.lean ... OK
    /Users/petros/Documents/UCSD/Work/lean-fixpoint/Benchmarks/Liquid-fixpoint/numeric-sort-03.lean:23:11: warning: unused variable `y`
    
    Note: This linter can be disabled with `set_option linter.unusedVariables false`
    [solve_fixpoint] closed by: grind
    [solve_fixpoint] closed by: grind
    [solve_fixpoint] closed by: grind
    [solve_fixpoint] closed by: grind
    [solve_fixpoint] closed by: grind
    [solve_fixpoint] closed by: grind
    [solve_fixpoint] closed by: grind
    [solve_fixpoint] closed by: grind
    [solve_fixpoint] closed by: grind
    [solve_fixpoint] closed by: grind
    [solve_fixpoint] closed by: grind
    [solve_fixpoint] closed by: grind
    [solve_fixpoint] closed by: grind
    [solve_fixpoint] Acyclic κ: []
    [solve_fixpoint] Cyclic κ:  [κ1]
    [solve_fixpoint] --- PA on cyclic κ's [κ1] ---
    [solve_fixpoint]   PA sol for κ1 = ((((0 ≤ z0 ∧ 0 ≤ z1) ∧ z1 ≤ 0) ∧ z1 = 0) ∧ z1 ≤ z0) ∧ z0 ≥ z1
[31/47] Building: ple0.lean ... OK
    [solve_fixpoint] closed by: aesop
    [solve_fixpoint] Acyclic κ: []
    [solve_fixpoint] Cyclic κ:  []
[32/47] Building: ple_list00.lean ... OK
    [solve_fixpoint] closed by: aesop
    [solve_fixpoint] Acyclic κ: []
    [solve_fixpoint] Cyclic κ:  []
[33/47] Building: ple_list01_adt.lean ... OK
    [solve_fixpoint] closed by: aesop
    [solve_fixpoint] Acyclic κ: []
    [solve_fixpoint] Cyclic κ:  []
[34/47] Building: ple_sum.lean ... OK
    [solve_fixpoint] closed by: aesop
    [solve_fixpoint] Acyclic κ: []
    [solve_fixpoint] Cyclic κ:  []
[35/47] Building: ple_sum_fuel-4.lean ... OK
    [solve_fixpoint] closed by: grind
    [solve_fixpoint] Acyclic κ: []
    [solve_fixpoint] Cyclic κ:  []
[36/47] Building: scrape00.lean ... OK
    [solve_fixpoint] closed by: grind
    [solve_fixpoint] closed by: grind
    [solve_fixpoint] closed by: grind
    [solve_fixpoint] closed by: grind
    [solve_fixpoint] closed by: grind
    [solve_fixpoint] closed by: grind
    [solve_fixpoint] closed by: grind
    [solve_fixpoint] closed by: grind
    [solve_fixpoint] closed by: grind
    [solve_fixpoint] closed by: grind
    [solve_fixpoint] closed by: grind
    [solve_fixpoint] closed by: grind
    [solve_fixpoint] closed by: grind
    [solve_fixpoint] closed by: grind
    [solve_fixpoint] closed by: grind
    [solve_fixpoint] closed by: grind
    [solve_fixpoint] closed by: grind
    [solve_fixpoint] closed by: grind
    [solve_fixpoint] closed by: grind
    [solve_fixpoint] closed by: grind
    [solve_fixpoint] closed by: grind
    [solve_fixpoint] closed by: grind
    [solve_fixpoint] closed by: grind
    [solve_fixpoint] closed by: grind
    [solve_fixpoint] closed by: grind
    [solve_fixpoint] closed by: grind
    [solve_fixpoint] closed by: grind
    [solve_fixpoint] closed by: grind
    [solve_fixpoint] closed by: grind
    [solve_fixpoint] closed by: grind
    [solve_fixpoint] closed by: grind
    [solve_fixpoint] closed by: grind
    [solve_fixpoint] closed by: grind
    [solve_fixpoint] closed by: grind
    [solve_fixpoint] closed by: grind
    [solve_fixpoint] closed by: grind
    [solve_fixpoint] closed by: grind
    [solve_fixpoint] closed by: grind
    [solve_fixpoint] closed by: grind
    [solve_fixpoint] closed by: grind
    [solve_fixpoint] closed by: grind
    [solve_fixpoint] closed by: grind
    [solve_fixpoint] closed by: grind
    [solve_fixpoint] closed by: grind
    [solve_fixpoint] closed by: grind
    [solve_fixpoint] closed by: grind
    [solve_fixpoint] closed by: grind
    [solve_fixpoint] closed by: grind
    [solve_fixpoint] closed by: grind
    [solve_fixpoint] closed by: grind
    [solve_fixpoint] closed by: grind
    [solve_fixpoint] Acyclic κ: []
    [solve_fixpoint] Cyclic κ:  [κ0, κ1]
    [solve_fixpoint] --- PA on cyclic κ's [κ0, κ1] ---
    [solve_fixpoint]   PA sol for κ0 = (((((((0 ≤ z0 ∧ 0 ≤ z1) ∧ 0 ≤ z2) ∧ z0 ≤ z2) ∧ z1 ≤ z0) ∧ z1 ≤ z2) ∧ z0 ≥ z1) ∧ z2 ≥ z0) ∧ z2 ≥ z1
    [solve_fixpoint]   PA sol for κ1 = ((((((((((((((z0 = z1 - z2 ∧ z2 = z1 - z0) ∧ 0 ≤ z0) ∧ 0 ≤ z1) ∧ 0 ≤ z2) ∧ 0 ≤ z3) ∧ z0 ≤ z1) ∧ z0 ≤ z3) ∧ z1 ≤ z3) ∧
                  z2 ≤ z1) ∧
                z2 ≤ z3) ∧
              z1 ≥ z0) ∧
            z1 ≥ z2) ∧
          z3 ≥ z0) ∧
        z3 ≥ z1) ∧
      z3 ≥ z2
[37/47] Building: scrape01.lean ... OK
    [solve_fixpoint] closed by: grind
    [solve_fixpoint] closed by: grind
    [solve_fixpoint] closed by: grind
    [solve_fixpoint] closed by: grind
    [solve_fixpoint] closed by: grind
    [solve_fixpoint] closed by: grind
    [solve_fixpoint] closed by: grind
    [solve_fixpoint] closed by: grind
    [solve_fixpoint] closed by: grind
    [solve_fixpoint] closed by: grind
    [solve_fixpoint] closed by: grind
    [solve_fixpoint] closed by: grind
    [solve_fixpoint] closed by: grind
    [solve_fixpoint] closed by: grind
    [solve_fixpoint] closed by: grind
    [solve_fixpoint] closed by: grind
    [solve_fixpoint] closed by: grind
    [solve_fixpoint] closed by: grind
    [solve_fixpoint] closed by: grind
    [solve_fixpoint] closed by: grind
    [solve_fixpoint] closed by: grind
    [solve_fixpoint] closed by: grind
    [solve_fixpoint] closed by: grind
    [solve_fixpoint] closed by: grind
    [solve_fixpoint] closed by: grind
    [solve_fixpoint] closed by: grind
    [solve_fixpoint] closed by: grind
    [solve_fixpoint] closed by: grind
    [solve_fixpoint] closed by: grind
    [solve_fixpoint] closed by: grind
    [solve_fixpoint] closed by: grind
    [solve_fixpoint] closed by: grind
    [solve_fixpoint] closed by: grind
    [solve_fixpoint] closed by: grind
    [solve_fixpoint] closed by: grind
    [solve_fixpoint] closed by: grind
    [solve_fixpoint] closed by: grind
    [solve_fixpoint] closed by: grind
    [solve_fixpoint] closed by: grind
    [solve_fixpoint] closed by: grind
    [solve_fixpoint] closed by: grind
    [solve_fixpoint] closed by: grind
    [solve_fixpoint] closed by: grind
    [solve_fixpoint] closed by: grind
    [solve_fixpoint] closed by: grind
    [solve_fixpoint] closed by: grind
    [solve_fixpoint] closed by: grind
    [solve_fixpoint] closed by: grind
    [solve_fixpoint] closed by: grind
    [solve_fixpoint] closed by: grind
    [solve_fixpoint] closed by: grind
    [solve_fixpoint] Acyclic κ: []
    [solve_fixpoint] Cyclic κ:  [κ0, κ1]
    [solve_fixpoint] --- PA on cyclic κ's [κ0, κ1] ---
    [solve_fixpoint]   PA sol for κ0 = (((((((0 ≤ z0 ∧ 0 ≤ z1) ∧ 0 ≤ z2) ∧ z0 ≤ z2) ∧ z1 ≤ z0) ∧ z1 ≤ z2) ∧ z0 ≥ z1) ∧ z2 ≥ z0) ∧ z2 ≥ z1
    [solve_fixpoint]   PA sol for κ1 = ((((((((((((((z0 = z1 - z2 ∧ z2 = z1 - z0) ∧ 0 ≤ z0) ∧ 0 ≤ z1) ∧ 0 ≤ z2) ∧ 0 ≤ z3) ∧ z0 ≤ z1) ∧ z0 ≤ z3) ∧ z1 ≤ z3) ∧
                  z2 ≤ z1) ∧
                z2 ≤ z3) ∧
              z1 ≥ z0) ∧
            z1 ≥ z2) ∧
          z3 ≥ z0) ∧
        z3 ≥ z1) ∧
      z3 ≥ z2
[38/47] Building: scrape02.lean ... OK
    [solve_fixpoint] closed by: grind
    [solve_fixpoint] closed by: grind
    [solve_fixpoint] closed by: grind
    [solve_fixpoint] closed by: grind
    [solve_fixpoint] closed by: grind
    [solve_fixpoint] closed by: aesop
    [solve_fixpoint] closed by: aesop
    [solve_fixpoint] closed by: grind
    [solve_fixpoint] closed by: grind
    [solve_fixpoint] closed by: aesop
    [solve_fixpoint] closed by: aesop
    [solve_fixpoint] closed by: aesop
    [solve_fixpoint] closed by: grind
    [solve_fixpoint] closed by: grind
    [solve_fixpoint] closed by: aesop
    [solve_fixpoint] closed by: aesop
    [solve_fixpoint] closed by: grind
    [solve_fixpoint] closed by: grind
    [solve_fixpoint] closed by: aesop
    [solve_fixpoint] closed by: grind
    [solve_fixpoint] closed by: grind
    [solve_fixpoint] closed by: aesop
    [solve_fixpoint] Acyclic κ: [k0, k4]
    [solve_fixpoint] Cyclic κ:  [k5, k1, k2, k3]
    [solve] --- k0 ---
    [solve]   sol = ∃ a1, f_get_mode z1 a1 = Adt0.mkadt0_0 ∧ (z0 = a1 ∧ z1 = z1) ∧ z2 = z2
    [solve]   lam = fun z0 z1 z2 => ∃ a1, f_get_mode z1 a1 = Adt0.mkadt0_0 ∧ (z0 = a1 ∧ z1 = z1) ∧ z2 = z2
    [solve] --- k4 ---
    [solve]   sol = (∃ a4,
        (∃ a1, f_get_mode z4 a1 = Adt0.mkadt0_0 ∧ (a4 = a1 ∧ z4 = z4) ∧ z5 = z5) ∧
          ∃ a5 a6, ((((z0 = a4 ∧ z1 = a5) ∧ z2 = a6) ∧ z3 = z5) ∧ z4 = z4) ∧ z5 = z5) ∨
      ∃ a7 _a8 a9 a10,
        (?k1 a7 a9 a10 z4 z5 ∧ ?k2 a9 a10 z4 z5 ∧ ?k3 a10 z4 z5) ∧
          ∃ _a16 a17 a18 a19,
            ?k5 a17 z4 z5 a7 a18 a19 ∧
              ∃ _a20 a24 a25 a26,
                ?k5 a24 z4 z5 a7 a25 a26 ∧
                  ∃ a27 a28 a29, ((((z0 = a24 ∧ z1 = a27) ∧ z2 = a28) ∧ z3 = a29) ∧ z4 = z4) ∧ z5 = z5
    [solve]   lam = fun z0 z1 z2 z3 z4 z5 =>
      (∃ a4,
          (∃ a1, f_get_mode z4 a1 = Adt0.mkadt0_0 ∧ (a4 = a1 ∧ z4 = z4) ∧ z5 = z5) ∧
            ∃ a5 a6, ((((z0 = a4 ∧ z1 = a5) ∧ z2 = a6) ∧ z3 = z5) ∧ z4 = z4) ∧ z5 = z5) ∨
        ∃ a7 _a8 a9 a10,
          (?k1 a7 a9 a10 z4 z5 ∧ ?k2 a9 a10 z4 z5 ∧ ?k3 a10 z4 z5) ∧
            ∃ _a16 a17 a18 a19,
              ?k5 a17 z4 z5 a7 a18 a19 ∧
                ∃ _a20 a24 a25 a26,
                  ?k5 a24 z4 z5 a7 a25 a26 ∧
                    ∃ a27 a28 a29, ((((z0 = a24 ∧ z1 = a27) ∧ z2 = a28) ∧ z3 = a29) ∧ z4 = z4) ∧ z5 = z5
    [solve_fixpoint] --- PA on cyclic κ's [k5, k1, k2, k3] ---
    [solve_fixpoint]   PA sol for k5 = ((((f_get_mode z1 z0 = Adt0.mkadt0_0 ∧ f_get_mode z1 z2 = Adt0.mkadt0_0) ∧ f_get_mode z1 z3 = Adt0.mkadt0_0) ∧
          f_get_mode z1 z4 = Adt0.mkadt0_0) ∧
        f_get_mode z1 z5 = Adt0.mkadt0_0) ∧
      z2 = 0
    [solve_fixpoint]   PA sol for k1 = (((f_get_mode z3 z0 = Adt0.mkadt0_0 ∧ f_get_mode z3 z1 = Adt0.mkadt0_0) ∧ f_get_mode z3 z2 = Adt0.mkadt0_0) ∧
        f_get_mode z3 z4 = Adt0.mkadt0_0) ∧
      z4 = 0
    [solve_fixpoint]   PA sol for k2 = ((f_get_mode z2 z0 = Adt0.mkadt0_0 ∧ f_get_mode z2 z1 = Adt0.mkadt0_0) ∧ f_get_mode z2 z3 = Adt0.mkadt0_0) ∧ z3 = 0
    [solve_fixpoint]   PA sol for k3 = (f_get_mode z1 z0 = Adt0.mkadt0_0 ∧ f_get_mode z1 z2 = Adt0.mkadt0_0) ∧ z2 = 0
[39/47] Building: scrape03.lean ... OK
    /Users/petros/Documents/UCSD/Work/lean-fixpoint/Benchmarks/Liquid-fixpoint/scrape03.lean:34:10: warning: unused variable `a2`
    
    Note: This linter can be disabled with `set_option linter.unusedVariables false`
    /Users/petros/Documents/UCSD/Work/lean-fixpoint/Benchmarks/Liquid-fixpoint/scrape03.lean:35:12: warning: unused variable `a3`
    
    Note: This linter can be disabled with `set_option linter.unusedVariables false`
    [solve_fixpoint] closed by: grind
    /Users/petros/Documents/UCSD/Work/lean-fixpoint/Benchmarks/Liquid-fixpoint/scrape03.lean:41:2: warning: aesop: failed to prove the goal after exhaustive search.
    [solve_fixpoint] closed by: aesop
    [solve_fixpoint] closed by: bv_decide
    /Users/petros/Documents/UCSD/Work/lean-fixpoint/Benchmarks/Liquid-fixpoint/scrape03.lean:41:2: warning: aesop: failed to prove the goal after exhaustive search.
    [solve_fixpoint] closed by: aesop
    [solve_fixpoint] closed by: bv_decide
    [solve_fixpoint] closed by: aesop
    [solve_fixpoint] Acyclic κ: [κ]
    [solve_fixpoint] Cyclic κ:  []
    [solve] --- κ ---
    [solve]   sol = ∃ a0, z0 = a0
    [solve]   lam = fun z0 => ∃ a0, z0 = a0
[40/47] Building: str00.lean ... OK
    [solve_fixpoint] closed by: grind
    [solve_fixpoint] closed by: grind
    [solve_fixpoint] Acyclic κ: []
    [solve_fixpoint] Cyclic κ:  []
[41/47] Building: str01.lean ... OK
    [solve_fixpoint] closed by: aesop
    [solve_fixpoint] closed by: aesop
    /Users/petros/Documents/UCSD/Work/lean-fixpoint/Benchmarks/Liquid-fixpoint/str01.lean:21:2: warning: aesop: failed to prove the goal after exhaustive search.
    [solve_fixpoint] closed by: aesop
    [solve_fixpoint] closed by: native_decide
    /Users/petros/Documents/UCSD/Work/lean-fixpoint/Benchmarks/Liquid-fixpoint/str01.lean:21:2: warning: aesop: failed to prove the goal after exhaustive search.
    [solve_fixpoint] closed by: aesop
    [solve_fixpoint] closed by: native_decide
    /Users/petros/Documents/UCSD/Work/lean-fixpoint/Benchmarks/Liquid-fixpoint/str01.lean:21:2: warning: aesop: failed to prove the goal after exhaustive search.
    [solve_fixpoint] closed by: aesop
    [solve_fixpoint] closed by: native_decide
    [solve_fixpoint] closed by: aesop
    [solve_fixpoint] Acyclic κ: []
    [solve_fixpoint] Cyclic κ:  []
[42/47] Building: sum_rec-ok.lean ... OK
    /Users/petros/Documents/UCSD/Work/lean-fixpoint/Benchmarks/Liquid-fixpoint/sum_rec-ok.lean:21:9: warning: unused variable `y`
    
    Note: This linter can be disabled with `set_option linter.unusedVariables false`
    [solve_fixpoint] closed by: grind
    [solve_fixpoint] closed by: grind
    [solve_fixpoint] closed by: grind
    [solve_fixpoint] Acyclic κ: []
    [solve_fixpoint] Cyclic κ:  [κ1]
    [solve_fixpoint] --- PA on cyclic κ's [κ1] ---
    [solve_fixpoint]   PA sol for κ1 = 0 ≤ z0
[43/47] Building: sum_rec.lean ... OK
    [solve_fixpoint] closed by: grind
    [solve_fixpoint] closed by: grind
    [solve_fixpoint] closed by: grind
    [solve_fixpoint] closed by: grind
    [solve_fixpoint] closed by: grind
    [solve_fixpoint] closed by: grind
    [solve_fixpoint] closed by: grind
    [solve_fixpoint] closed by: grind
    [solve_fixpoint] closed by: grind
    [solve_fixpoint] Acyclic κ: []
    [solve_fixpoint] Cyclic κ:  [κ1]
    [solve_fixpoint] --- PA on cyclic κ's [κ1] ---
    [solve_fixpoint]   PA sol for κ1 = ((0 ≤ z0 ∧ z1 ≤ 0) ∧ z1 ≤ z0) ∧ z0 ≥ z1
[44/47] Building: test00.lean ... OK
    [solve_fixpoint] closed by: grind
    [solve_fixpoint] Acyclic κ: []
    [solve_fixpoint] Cyclic κ:  []
[45/47] Building: test01.lean ... OK
    [solve_fixpoint] closed by: grind
    [solve_fixpoint] closed by: grind
    [solve_fixpoint] Acyclic κ: []
    [solve_fixpoint] Cyclic κ:  []
[46/47] Building: test02.lean ... OK
    [solve_fixpoint] closed by: grind
    [solve_fixpoint] closed by: grind
    [solve_fixpoint] Acyclic κ: [κ0]
    [solve_fixpoint] Cyclic κ:  []
    [solve] --- κ0 ---
    [solve]   sol = ∃ y, y > z1 + 100 ∧ ∃ v, v = z1 + y ∧ z0 = v ∧ z1 = z1
    [solve]   lam = fun z0 z1 => ∃ y, y > z1 + 100 ∧ ∃ v, v = z1 + y ∧ z0 = v ∧ z1 = z1
[47/47] Building: test03.lean ... OK
    [solve_fixpoint] closed by: grind
    [solve_fixpoint] closed by: grind
    [solve_fixpoint] closed by: grind
    [solve_fixpoint] closed by: grind
    [solve_fixpoint] closed by: grind
    [solve_fixpoint] Acyclic κ: []
    [solve_fixpoint] Cyclic κ:  [κ1]
    [solve_fixpoint] --- PA on cyclic κ's [κ1] ---
    [solve_fixpoint]   PA sol for κ1 = z0 ≥ 0 ∧ z0 ≥ z1
